// Jest Snapshot v1, https://goo.gl/fbAQLP

exports[`SearchFormatter should be able to format ES response 1`] = `
Array [
  Object {
    "ArrivalDate": 1535673600,
    "BillOfLading": "COSU6184300680",
    "BillTypeCode": "Regular Bill",
    "CarrierAddress": "100 LIGHTINGWAY",
    "CarrierCity": "SECAUCUS",
    "CarrierCode": "COSU",
    "CarrierName": "CHINA OCEAN SHIPPING COMPANY",
    "CarrierState": "NJ",
    "CarrierZip": "07094",
    "Consignee": "APPLE STAR ENTERPRISE",
    "ConsigneeAddress": "2323 E 52ND ST VERNON CALIFORNIA CITY CA 90058 UNITED STATES TE5888822",
    "ConsigneeAddressBreakdown": Object {
      "AddressNumber": "2323",
      "CountryName": "USA",
      "PlaceName": "VERNON CALIFORNIA CITY",
      "StateName": "CA",
      "StreetName": "52ND",
      "StreetNamePostType": "ST",
      "StreetNamePreDirectional": "EAST",
      "ZipCode": "90058",
    },
    "ConsigneeCity": "VERNON CALIFORNIA CITY",
    "ConsigneeId": "",
    "ConsigneeState": "CA",
    "ConsigneeStreet": "52ND",
    "ConsigneeStreetNumber": "2323",
    "ConsigneeZipCode": "90058",
    "ContainerHeight": 900,
    "ContainerLength": 4000,
    "ContainerNumber": "FCIU9510812",
    "ContainerType": "40 Foot Dry Container, Opening at one or both end",
    "ContainerWidth": 800,
    "Containers": Array [
      Object {
        "Cargoes": Array [
          Object {
            "Description": "HAT",
            "Keywords": Array [
              "hat",
            ],
            "Piece Count": 11,
          },
          Object {
            "Description": "PLASTIC BALL",
            "Keywords": Array [
              "plastic ball",
            ],
            "Piece Count": 1060,
          },
        ],
        "Container Number": "FCIU9510812",
        "Equipment Description": "CN",
        "Height": 900,
        "Length": 4000,
        "Load Status": "Loaded",
        "Marks": Array [
          "NO MARKS NO MARKS",
        ],
        "Seal Numbers": Array [
          "7934614",
        ],
        "Type": "40 Foot Dry Container, Opening at one or both end",
        "Type Of Service": "House to House",
        "Width": 800,
      },
    ],
    "CountryOfOrigin": "China",
    "DestinationPort": "",
    "EquipmentDescriptionCode": "CN",
    "ForeignPort": "Ningpo",
    "GrossWeightKgs": 16495,
    "GrossWeightLbs": 16495,
    "HSCode": "",
    "InBondEntryType": "",
    "LoadStatus": "Loaded",
    "ManifestNumber": "598163",
    "MarksAndNumbers": Array [
      "NO MARKS NO MARKS",
    ],
    "MasterBillOfLading": "",
    "Measurement": 68,
    "MeasurementUnit": "CM",
    "NotifyParty": "GRAND OCEAN CUSTOMS BROKERAGE INCOR",
    "NotifyPartyAddress": "SUITE 301 801 SOUTH GARFIELD AVENUE ALHAMBRA CA 91801 UNITED STATESTE4588862 4588862",
    "NumberOfContainers": 1,
    "PlaceOfReceipt": "NINGBO",
    "ProductDescription": "",
    "ProductKeywords": "",
    "Quantity": 1071,
    "QuantityUnit": "CTN",
    "SealNumbers": Array [
      "7934614",
    ],
    "ShipmentId": "798847604de2fb6cd83c1cc39708e4c6",
    "Shipper": "YIWU REDFOREST TRADING CO.,LIMITED",
    "ShipperAddress": "UNIT A6,9/F SILVERCORP INTERNATIONA KOWLOON . HONG KONG TE31158545",
    "ShipperId": "1f109428e819176130ef66b1fdba1ac9",
    "TypeOfService": "",
    "VesselName": "COSCO ASIA",
    "VoyageNumber": "056E",
  },
  Object {
    "ArrivalDate": 1534896000,
    "BillOfLading": "COSU6184300580",
    "BillTypeCode": "Regular Bill",
    "CarrierAddress": "100 LIGHTING WAY",
    "CarrierCity": "SECAUCUS",
    "CarrierCode": "COSU",
    "CarrierName": "CHINA OCEAN SHIPPING COMPANY",
    "CarrierState": "NJ",
    "CarrierZip": "07094",
    "Consignee": "APPLE STAR ENTERPRISE",
    "ConsigneeAddress": "2323 E 52ND ST VERNON CALIFORNIA CITY CA 90058 UNITED STATES TE5888822",
    "ConsigneeAddressBreakdown": Object {
      "AddressNumber": "2323",
      "CountryName": "USA",
      "PlaceName": "VERNON CALIFORNIA CITY",
      "StateName": "CA",
      "StreetName": "52ND",
      "StreetNamePostType": "ST",
      "StreetNamePreDirectional": "EAST",
      "ZipCode": "90058",
    },
    "ConsigneeCity": "VERNON CALIFORNIA CITY",
    "ConsigneeId": "",
    "ConsigneeState": "CA",
    "ConsigneeStreet": "52ND",
    "ConsigneeStreetNumber": "2323",
    "ConsigneeZipCode": "90058",
    "ContainerHeight": 900,
    "ContainerLength": 4000,
    "ContainerNumber": "CBHU8833999",
    "ContainerType": "40 Foot General Purpose Container, Passive vents at upper part of cargo space",
    "ContainerWidth": 800,
    "Containers": Array [
      Object {
        "Cargoes": Array [
          Object {
            "Description": "HAT",
            "Keywords": Array [
              "hat",
            ],
            "Piece Count": 324,
          },
          Object {
            "Description": "WINDMILL",
            "Keywords": Array [
              "windmill",
            ],
            "Piece Count": 678,
          },
        ],
        "Container Number": "CBHU8833999",
        "Equipment Description": "CN",
        "Height": 900,
        "Length": 4000,
        "Load Status": "Loaded",
        "Marks": Array [
          "NO MARKS NO MARKS",
        ],
        "Seal Numbers": Array [
          "8323787",
        ],
        "Type": "40 Foot General Purpose Container, Passive vents at upper part of cargo space",
        "Type Of Service": "House to House",
        "Width": 800,
      },
    ],
    "CountryOfOrigin": "China",
    "DestinationPort": "",
    "EquipmentDescriptionCode": "CN",
    "ForeignPort": "Ningpo",
    "GrossWeightKgs": 15005,
    "GrossWeightLbs": 15005,
    "HSCode": "",
    "InBondEntryType": "",
    "LoadStatus": "Loaded",
    "ManifestNumber": "598217",
    "MarksAndNumbers": Array [
      "NO MARKS NO MARKS",
    ],
    "MasterBillOfLading": "",
    "Measurement": 68,
    "MeasurementUnit": "CM",
    "NotifyParty": "GRAND OCEANCUSTOMS BROKERAGE INCOR",
    "NotifyPartyAddress": "SUITE 301 801 SOUTH GARFIELD AVENUE ALHAMBRA CA 91801 UNITED STATES TE4588862 4588862",
    "NumberOfContainers": 1,
    "PlaceOfReceipt": "NINGBO",
    "ProductDescription": "",
    "ProductKeywords": "",
    "Quantity": 1002,
    "QuantityUnit": "CTN",
    "SealNumbers": Array [
      "8323787",
    ],
    "ShipmentId": "27318bb5331cc4d26ebadf8b589c73e6",
    "Shipper": "YIWU REDFOREST TRADING CO.,LIMITED",
    "ShipperAddress": "UNIT A6,9/F SILVERCORP INTERNATIONA KOWLOON . HONG KONG TE31158545",
    "ShipperId": "1f109428e819176130ef66b1fdba1ac9",
    "TypeOfService": "",
    "VesselName": "COSCO EUROPE",
    "VoyageNumber": "061E",
  },
  Object {
    "ArrivalDate": 1535673600,
    "BillOfLading": "COSU6184300720",
    "BillTypeCode": "Regular Bill",
    "CarrierAddress": "100 LIGHTING WAY",
    "CarrierCity": "SECAUCUS",
    "CarrierCode": "COSU",
    "CarrierName": "CHINA OCEAN SHIPPING COMPANY",
    "CarrierState": "NJ",
    "CarrierZip": "07094",
    "Consignee": "APPLE STAR ENTERPRISE",
    "ConsigneeAddress": "2323 E 52ND ST VERNON CALIFORNIA CITY CA 90058 UNITED STATES TE5888822",
    "ConsigneeAddressBreakdown": Object {
      "AddressNumber": "2323",
      "CountryName": "USA",
      "PlaceName": "VERNON CALIFORNIA CITY",
      "StateName": "CA",
      "StreetName": "52ND",
      "StreetNamePostType": "ST",
      "StreetNamePreDirectional": "EAST",
      "ZipCode": "90058",
    },
    "ConsigneeCity": "VERNON CALIFORNIA CITY",
    "ConsigneeId": "",
    "ConsigneeState": "CA",
    "ConsigneeStreet": "52ND",
    "ConsigneeStreetNumber": "2323",
    "ConsigneeZipCode": "90058",
    "ContainerHeight": 900,
    "ContainerLength": 4000,
    "ContainerNumber": "CSNU7047817",
    "ContainerType": "40 Foot Dry Container, Opening at one or both end",
    "ContainerWidth": 800,
    "Containers": Array [
      Object {
        "Cargoes": Array [
          Object {
            "Description": "HAT",
            "Keywords": Array [
              "hat",
            ],
            "Piece Count": 195,
          },
          Object {
            "Description": "KEY CHAIN",
            "Keywords": Array [
              "key chain",
            ],
            "Piece Count": 191,
          },
        ],
        "Container Number": "CSNU7047817",
        "Equipment Description": "CN",
        "Height": 900,
        "Length": 4000,
        "Load Status": "Loaded",
        "Marks": Array [
          "NO MARKS NO MARKS",
        ],
        "Seal Numbers": Array [
          "7934672",
        ],
        "Type": "40 Foot Dry Container, Opening at one or both end",
        "Type Of Service": "House to House",
        "Width": 800,
      },
    ],
    "CountryOfOrigin": "China",
    "DestinationPort": "",
    "EquipmentDescriptionCode": "CN",
    "ForeignPort": "Ningpo",
    "GrossWeightKgs": 6522,
    "GrossWeightLbs": 6522,
    "HSCode": "",
    "InBondEntryType": "",
    "LoadStatus": "Loaded",
    "ManifestNumber": "598163",
    "MarksAndNumbers": Array [
      "NO MARKS NO MARKS",
    ],
    "MasterBillOfLading": "",
    "Measurement": 68,
    "MeasurementUnit": "CM",
    "NotifyParty": "GRAND OCEAN CUSTOMS BROKERAGE INCOR",
    "NotifyPartyAddress": "SUITE 301 801 SOUTH GARFIELD AVENUE ALHAMBRA CA 91801 UNITED STATES TE4588862 4588862",
    "NumberOfContainers": 1,
    "PlaceOfReceipt": "NINGBO",
    "ProductDescription": "",
    "ProductKeywords": "",
    "Quantity": 386,
    "QuantityUnit": "CTN",
    "SealNumbers": Array [
      "7934672",
    ],
    "ShipmentId": "c7e599134a65572fd304c292224d308f",
    "Shipper": "YIWU REDFOREST TRADING CO.,LIMITED",
    "ShipperAddress": "UNIT A6,9/F SILVERCORP INTERNATIONA KOWLOON . HONG KONG TE31158545",
    "ShipperId": "1f109428e819176130ef66b1fdba1ac9",
    "TypeOfService": "",
    "VesselName": "COSCO ASIA",
    "VoyageNumber": "056E",
  },
  Object {
    "ArrivalDate": 1534896000,
    "BillOfLading": "COSU6184300570",
    "BillTypeCode": "Regular Bill",
    "CarrierAddress": "100 LIGHTING WAY",
    "CarrierCity": "SECAUCUS",
    "CarrierCode": "COSU",
    "CarrierName": "CHINA OCEAN SHIPPING COMPANY",
    "CarrierState": "NJ",
    "CarrierZip": "07094",
    "Consignee": "APPLE STAR ENTERPRISE",
    "ConsigneeAddress": "2323 E 52ND ST VERNON CALIFORNIA CITY CA 90058 UNITED STATES TE5888822",
    "ConsigneeAddressBreakdown": Object {
      "AddressNumber": "2323",
      "CountryName": "USA",
      "PlaceName": "VERNON CALIFORNIA CITY",
      "StateName": "CA",
      "StreetName": "52ND",
      "StreetNamePostType": "ST",
      "StreetNamePreDirectional": "EAST",
      "ZipCode": "90058",
    },
    "ConsigneeCity": "VERNON CALIFORNIA CITY",
    "ConsigneeId": "",
    "ConsigneeState": "CA",
    "ConsigneeStreet": "52ND",
    "ConsigneeStreetNumber": "2323",
    "ConsigneeZipCode": "90058",
    "ContainerHeight": 900,
    "ContainerLength": 4000,
    "ContainerNumber": "CRSU9294366",
    "ContainerType": "40 Foot Ventilated Container, Passive vents at upper part of cargo space. Total vent cross-section area < 25cm2/m of nominal length",
    "ContainerWidth": 800,
    "Containers": Array [
      Object {
        "Cargoes": Array [
          Object {
            "Description": "HAT",
            "Keywords": Array [
              "hat",
            ],
            "Piece Count": 306,
          },
          Object {
            "Description": "WINDMILL",
            "Keywords": Array [
              "windmill",
            ],
            "Piece Count": 582,
          },
        ],
        "Container Number": "CRSU9294366",
        "Equipment Description": "CN",
        "Height": 900,
        "Length": 4000,
        "Load Status": "Loaded",
        "Marks": Array [
          "NO MARKS NO MARKS",
        ],
        "Seal Numbers": Array [
          "8323795",
        ],
        "Type": "40 Foot Ventilated Container, Passive vents at upper part of cargo space. Total vent cross-section area < 25cm2/m of nominal length",
        "Type Of Service": "House to House",
        "Width": 800,
      },
    ],
    "CountryOfOrigin": "China",
    "DestinationPort": "",
    "EquipmentDescriptionCode": "CN",
    "ForeignPort": "Ningpo",
    "GrossWeightKgs": 14086,
    "GrossWeightLbs": 14086,
    "HSCode": "",
    "InBondEntryType": "",
    "LoadStatus": "Loaded",
    "ManifestNumber": "598217",
    "MarksAndNumbers": Array [
      "NO MARKS NO MARKS",
    ],
    "MasterBillOfLading": "",
    "Measurement": 68,
    "MeasurementUnit": "CM",
    "NotifyParty": "GRAND OCEAN CUSTOMS BROKERAGE INCOR",
    "NotifyPartyAddress": "SUITE 301 801 SOUTH GARFIELD AVENUE ALHAMBRA CA 91801 UNITED STATES TE4588862 4588862",
    "NumberOfContainers": 1,
    "PlaceOfReceipt": "NINGBO",
    "ProductDescription": "",
    "ProductKeywords": "",
    "Quantity": 888,
    "QuantityUnit": "CTN",
    "SealNumbers": Array [
      "8323795",
    ],
    "ShipmentId": "bfabf43fd3f710b69e71b433834d21d6",
    "Shipper": "YIWU REDFOREST TRADING CO.,LIMITED",
    "ShipperAddress": "UNIT A6,9/F SILVERCORP INTERNATIONA KOWLOON. HONG KONG TE31158545",
    "ShipperId": "1f109428e819176130ef66b1fdba1ac9",
    "TypeOfService": "",
    "VesselName": "COSCO EUROPE",
    "VoyageNumber": "061E",
  },
  Object {
    "ArrivalDate": 1536019200,
    "BillOfLading": "COSU6188682690",
    "BillTypeCode": "Regular Bill",
    "CarrierAddress": "100 LIGHTING WAY",
    "CarrierCity": "SECAUCUS",
    "CarrierCode": "COSU",
    "CarrierName": "CHINA OCEAN SHIPPING COMPANY",
    "CarrierState": "NJ",
    "CarrierZip": "07094",
    "Consignee": "APPLE STAR ENTERPRISE",
    "ConsigneeAddress": "2323 E 52ND ST VERNON CALIFORNIA CITY CA 90058 UNITED STATES TE5888822",
    "ConsigneeAddressBreakdown": Object {
      "AddressNumber": "2323",
      "CountryName": "USA",
      "PlaceName": "VERNON CALIFORNIA CITY",
      "StateName": "CA",
      "StreetName": "52ND",
      "StreetNamePostType": "ST",
      "StreetNamePreDirectional": "EAST",
      "ZipCode": "90058",
    },
    "ConsigneeCity": "VERNON CALIFORNIA CITY",
    "ConsigneeId": "",
    "ConsigneeState": "CA",
    "ConsigneeStreet": "52ND",
    "ConsigneeStreetNumber": "2323",
    "ConsigneeZipCode": "90058",
    "ContainerHeight": 900,
    "ContainerLength": 4000,
    "ContainerNumber": "CAIU4791663",
    "ContainerType": "40 Foot Ventilated Container, Passive vents atupper part of cargo space. Total vent cross-section area < 25cm2/m of nominal length",
    "ContainerWidth": 800,
    "Containers": Array [
      Object {
        "Cargoes": Array [
          Object {
            "Description": "PLASTIC TOYS",
            "Keywords": Array [
              "plastic toys",
            ],
            "Piece Count": 403,
          },
        ],
        "Container Number": "CAIU4791663",
        "Equipment Description": "CN",
        "Height": 900,
        "Length": 4000,
        "Load Status": "Loaded",
        "Marks": Array [
          "NO MARKS",
        ],
        "Seal Numbers": Array [
          "CD954697",
        ],
        "Type": "40 Foot Ventilated Container, Passive vents atupper part of cargo space. Total vent cross-section area < 25cm2/m of nominal length",
        "Type Of Service": "House to House",
        "Width": 800,
      },
    ],
    "CountryOfOrigin": "China",
    "DestinationPort": "",
    "EquipmentDescriptionCode": "CN",
    "ForeignPort": "Yantian",
    "GrossWeightKgs": 6830,
    "GrossWeightLbs": 6830,
    "HSCode": "",
    "InBondEntryType": "",
    "LoadStatus": "Loaded",
    "ManifestNumber": "598090",
    "MarksAndNumbers": Array [
      "NO MARKS",
    ],
    "MasterBillOfLading": "",
    "Measurement": 68,
    "MeasurementUnit": "",
    "NotifyParty": "GRAND OCEAN CUSTOMS BROKERAGE INCOR",
    "NotifyPartyAddress": "SUITE 301 801 SOUTH GARFIELD AVENUE ALHAMBRA CA 91801 UNITED STATES TE4588862 4588862",
    "NumberOfContainers": 1,
    "PlaceOfReceipt": "YANTIAN",
    "ProductDescription": "",
    "ProductKeywords": "",
    "Quantity": 403,
    "QuantityUnit": "CTN",
    "SealNumbers": Array [
      "CD954697",
    ],
    "ShipmentId": "ddb2a44b0b6e177a4da5ca32db286e9d",
    "Shipper": "YIWU REDFOREST TRADING CO.,LIMITED",
    "ShipperAddress": "UNIT A6,9/F SILVERCORP INTERNATIONA KOWLOON . HONG KONG TE31158545",
    "ShipperId": "1f109428e819176130ef66b1fdba1ac9",
    "TypeOfService": "",
    "VesselName": "EVER ENVOY",
    "VoyageNumber": "1050E",
  },
  Object {
    "ArrivalDate": 1534982400,
    "BillOfLading": "ONEYHKGUG2114402",
    "BillTypeCode": "Regular Bill",
    "CarrierAddress": "100 KING STREET WEST SUITE 5700",
    "CarrierCity": "TORONTO",
    "CarrierCode": "ONEY",
    "CarrierName": "ORATEL NETWORKS",
    "CarrierState": "ON",
    "CarrierZip": "M5X 1C7",
    "Consignee": "BANANA REPUBLIC LLCV",
    "ConsigneeAddress": ". 2 FOLSOM STREET SAN FRANCISCO, SAN FRANCISCO CA 94105 US",
    "ConsigneeAddressBreakdown": Object {
      "AddressNumber": "2",
      "CountryName": "USA",
      "PlaceName": "SAN FRANCISCO SAN FRANCISCO",
      "StateName": "CA",
      "StreetName": "FOLSOM",
      "StreetNamePostType": "STREET",
      "ZipCode": "94105",
    },
    "ConsigneeCity": "SAN FRANCISCO SAN FRANCISCO",
    "ConsigneeId": "",
    "ConsigneeState": "CA",
    "ConsigneeStreet": "FOLSOM",
    "ConsigneeStreetNumber": "2",
    "ConsigneeZipCode": "94105",
    "ContainerHeight": 907,
    "ContainerLength": 4000,
    "ContainerNumber": "KKFU7589056",
    "ContainerType": "40 Foot General Purpose Container, Openings at one or both ends",
    "ContainerWidth": 802,
    "Containers": Array [
      Object {
        "Cargoes": Array [
          Object {
            "Description": "WOMENS LEATHER, TOTE BAG, WITH SNAP CLOSURE,",
            "Keywords": Array [
              "womens leather",
              "tote bag",
              "snap closure",
            ],
            "Piece Count": 38,
          },
          Object {
            "Description": "WOMENS PLASTIC SHEETING HANDBA G SHELL 100S",
            "Keywords": Array [
              "womens plastic sheeting handba g shell",
            ],
            "Piece Count": 8,
          },
          Object {
            "Description": "MENS MMF TOTE BAG SHELL FACE 100 POLYESTER S",
            "Keywords": Array [
              "mens mmf tote bag shell face",
            ],
            "Piece Count": 49,
          },
          Object {
            "Description": "WOMENS LEATHER HANDBAG SHELL 100 COW LEATHER",
            "Keywords": Array [
              "womens leather handbag shell",
            ],
            "Piece Count": 32,
          },
          Object {
            "Description": "WOMENS PLASTIC SHEETING WRISTLET SHELL 100 S",
            "Keywords": Array [
              "womens plastic sheeting wristlet shell",
            ],
            "Piece Count": 6,
          },
          Object {
            "Description": "WOMENS PLASTIC SHEETING WRISTLET SHELL 100 S",
            "Keywords": Array [
              "womens plastic sheeting wristlet shell",
            ],
            "Piece Count": 3,
          },
        ],
        "Container Number": "KKFU7589056",
        "Equipment Description": "00",
        "Height": 907,
        "Length": 4000,
        "Load Status": "Loaded",
        "Marks": Array [
          "000000026 3685 NORTH GAP DRIVE FRESNO CA 9372 US PO PREPACKSTYLE SIZE QTY TOTAL PACK 000000026 3685 NORTH GAP DRIVE FRESNO CA 9377 US PO PREPACK STYLE SIZE QTY TOTAL PACS 000000026 3685 NORTH GAP DRIVE FRESNO CA 9327 USPO PREPACK STYLE SIZE QTY TOTAL PAKS 000000026 3685 NORTH GAP DRIVE FRESNO CA 9727 US PO PREPACK STYLE SIZE QTY TOTAL P",
          "CKS 000000026 3685 NORTH GAP DRIVE FRESNO CA 3727 US PO PREPACK STYLE SIZE QTY TOTAL ACKS 000000026 3685 NORTH GAP DRIVE FRESNO CA93727 US PO PREPACK STYLE SIZE QTY TOTALPACKS 000000026 3685 000000026 3685 NORTH GAP DRIVE FRESNO CA 9372 US PO PREPACK STYLE SIZE QTY TOTAL PACK",
          "000000026 3685 NORTH GAP DRIVE FRESNO CA 9377 US PO PREPACK STYLE SIZE QTY TOTAL PACS 000000026 3685 NORTH GAP DRIVE FRESNO CA 9327 US PO PREPACK STYLE SIZE QTY TOTAL PAKS 000000026 3685 NORTH GAP DRIVE FRESNO CA 9727 US PO PREPACK STYLE SIZEQTY TOTAL PCKS 000000026 3685 NORTH GAP DRIVE FRESNO CA 3727 US PO PREPACK STYLE SIZE QTY TOTAL",
          "ACKS 000000026 3685 NORTH GAP DRIVE FRESNO CA93727 US PO PREPACK STYLE SIZE QTY TOTALPACKS 000000026 3685 NORTH GAP DRIVE FRESNO CA 9372 US PO PREPACK STYLE SIZE QTY TOTAL PACK 000000026 3685 NORTH GAP DRIVE FRESNO CA 9377 US PO PREPACK STYLE SIZE QTY TOTAL PACS 000000026 3685 NORTH GAP DRIVE FRESNO CA 93",
          "27 US PO PREPACK STYLE SIZE QTY TOTAL PAKS 000000026 3685 NORTH GAP DRIVE FRESNO CA 9727 US PO PREPACK STYLE SIZE QTY TOTAL PCKS 000000026 3685 NORTH GAP DRIVE FRESNO CA 3727 US PO PREPACK STYLE SIZE QTY TOTAL ACKS 000000026 3685 NORTH GAP DRIVE FRESNO CA93727 US PO PREPACK STYLE SIZE QTY TOTALPACKS",
          "000000026 3685 NORTH GAP DRIVE FRESNO CA 9372 US PO PREPACK STYLE SIZE QTY TOTAL PACK 000000026 3685 NORTH GAP DRIVE FRESNO CA 9377 US PO PREPACK STYLE SIZE QTY TOTAL PACS 000000026 3685 NORTH GAP DRIVE FRESNO CA 9327 US PO PREPACK STYLE SIZE QTY TOTAL PAKS 000000026 3685 NORTH GAP DRIVE FRESNO CA 9727 US PO PREPACK STYLE SIZE QTY TOTAL P",
          "CKS 000000026 3685 NORTH GAP DRIVE FRESNO CA 3727 US PO PREPACK STYLE SIZE QTY TOTAL ACKS 000000026 3685 NORTH GAP DRIVE FRESNO CA93727 US PO PREPACK STYLE SIZE QTY TOTALPACKS STYLE SIZE",
        ],
        "Seal Numbers": Array [
          "MOL402097N",
        ],
        "Type": "40 Foot General Purpose Container, Openings at one or both ends",
        "Type Of Service": "Container Yard",
        "Width": 802,
      },
    ],
    "CountryOfOrigin": "Hong Kong",
    "DestinationPort": "",
    "EquipmentDescriptionCode": "00",
    "ForeignPort": "Hong Kong",
    "GrossWeightKgs": 1019,
    "GrossWeightLbs": 1019,
    "HSCode": "",
    "InBondEntryType": "",
    "LoadStatus": "Loaded",
    "ManifestNumber": "000001",
    "MarksAndNumbers": Array [
      "000000026 3685 NORTH GAP DRIVE FRESNO CA 9372 US PO PREPACKSTYLE SIZE QTY TOTAL PACK 000000026 3685 NORTH GAP DRIVE FRESNO CA 9377 US PO PREPACK STYLE SIZE QTY TOTAL PACS 000000026 3685 NORTH GAP DRIVE FRESNO CA 9327 USPO PREPACK STYLE SIZE QTY TOTAL PAKS 000000026 3685 NORTH GAP DRIVE FRESNO CA 9727 US PO PREPACK STYLE SIZE QTY TOTAL P",
      "CKS 000000026 3685 NORTH GAP DRIVE FRESNO CA 3727 US PO PREPACK STYLE SIZE QTY TOTAL ACKS 000000026 3685 NORTH GAP DRIVE FRESNO CA93727 US PO PREPACK STYLE SIZE QTY TOTALPACKS 000000026 3685 000000026 3685 NORTH GAP DRIVE FRESNO CA 9372 US PO PREPACK STYLE SIZE QTY TOTAL PACK",
      "000000026 3685 NORTH GAP DRIVE FRESNO CA 9377 US PO PREPACK STYLE SIZE QTY TOTAL PACS 000000026 3685 NORTH GAP DRIVE FRESNO CA 9327 US PO PREPACK STYLE SIZE QTY TOTAL PAKS 000000026 3685 NORTH GAP DRIVE FRESNO CA 9727 US PO PREPACK STYLE SIZEQTY TOTAL PCKS 000000026 3685 NORTH GAP DRIVE FRESNO CA 3727 US PO PREPACK STYLE SIZE QTY TOTAL",
      "ACKS 000000026 3685 NORTH GAP DRIVE FRESNO CA93727 US PO PREPACK STYLE SIZE QTY TOTALPACKS 000000026 3685 NORTH GAP DRIVE FRESNO CA 9372 US PO PREPACK STYLE SIZE QTY TOTAL PACK 000000026 3685 NORTH GAP DRIVE FRESNO CA 9377 US PO PREPACK STYLE SIZE QTY TOTAL PACS 000000026 3685 NORTH GAP DRIVE FRESNO CA 93",
      "27 US PO PREPACK STYLE SIZE QTY TOTAL PAKS 000000026 3685 NORTH GAP DRIVE FRESNO CA 9727 US PO PREPACK STYLE SIZE QTY TOTAL PCKS 000000026 3685 NORTH GAP DRIVE FRESNO CA 3727 US PO PREPACK STYLE SIZE QTY TOTAL ACKS 000000026 3685 NORTH GAP DRIVE FRESNO CA93727 US PO PREPACK STYLE SIZE QTY TOTALPACKS",
      "000000026 3685 NORTH GAP DRIVE FRESNO CA 9372 US PO PREPACK STYLE SIZE QTY TOTAL PACK 000000026 3685 NORTH GAP DRIVE FRESNO CA 9377 US PO PREPACK STYLE SIZE QTY TOTAL PACS 000000026 3685 NORTH GAP DRIVE FRESNO CA 9327 US PO PREPACK STYLE SIZE QTY TOTAL PAKS 000000026 3685 NORTH GAP DRIVE FRESNO CA 9727 US PO PREPACK STYLE SIZE QTY TOTAL P",
      "CKS 000000026 3685 NORTH GAP DRIVE FRESNO CA 3727 US PO PREPACK STYLE SIZE QTY TOTAL ACKS 000000026 3685 NORTH GAP DRIVE FRESNO CA93727 US PO PREPACK STYLE SIZE QTY TOTALPACKS STYLE SIZE",
    ],
    "MasterBillOfLading": "",
    "Measurement": 10,
    "MeasurementUnit": "CM",
    "NotifyParty": "EXPEDITORS INT L - SAVANNAH",
    "NotifyPartyAddress": ". 2 E BRYAN ST SAVANNAH GA 31401 US",
    "NumberOfContainers": 1,
    "PlaceOfReceipt": "HONG KONG",
    "ProductDescription": "",
    "ProductKeywords": "",
    "Quantity": 136,
    "QuantityUnit": "CTN",
    "SealNumbers": Array [
      "MOL402097N",
    ],
    "ShipmentId": "21f006efe7b262a0de68ff1e3441a5c6",
    "Shipper": "TRENER INDUSTRIES LTD",
    "ShipperAddress": ". 12 F,WING TAIFACTORY BUILDING HONG KONG 999077 HK",
    "ShipperId": "1d9c658fe90cce114be2beb2aec7c8b2",
    "TypeOfService": "",
    "VesselName": "MOL BEACON",
    "VoyageNumber": "023E",
  },
  Object {
    "ArrivalDate": 1535587200,
    "BillOfLading": "FTNVSZOAPM000559",
    "BillTypeCode": "House Bill",
    "CarrierAddress": "128 DEARBORN STREET",
    "CarrierCity": "BUFFALO",
    "CarrierCode": "FTNV",
    "CarrierName": "FEDEX TRADE NETWORKS TRANSPORT & BROKERAGE INC",
    "CarrierState": "NY",
    "CarrierZip": "14207",
    "Consignee": "APPLE COMPUTER, INC. C/O OHL",
    "ConsigneeAddress": "1710 W BASE LINE RD, SUITE 300 RIALTO CA 92376 USA RIALTO CA 92376 US",
    "ConsigneeAddressBreakdown": Object {
      "AddressNumber": "1710",
      "CountryName": "USA",
      "PlaceName": "RIALTO",
      "StateName": "CA",
      "StreetName": "BASE LINE",
      "StreetNamePostType": "RD",
      "StreetNamePreDirectional": "WEST",
      "ZipCode": "92376",
    },
    "ConsigneeCity": "RIALTO",
    "ConsigneeId": "",
    "ConsigneeState": "CA",
    "ConsigneeStreet": "BASE LINE",
    "ConsigneeStreetNumber": "1710",
    "ConsigneeZipCode": "92376",
    "ContainerHeight": 806,
    "ContainerLength": 4000,
    "ContainerNumber": "MOFU6710231",
    "ContainerType": "40 Foot General Purpose Container, Openings at one or both ends",
    "ContainerWidth": 802,
    "Containers": Array [
      Object {
        "Cargoes": Array [
          Object {
            "Description": "MOUSE WITH LITHIUM BATTERY",
            "Keywords": Array [
              "mouse lithium battery",
            ],
            "Piece Count": 1350,
          },
        ],
        "Container Number": "MOFU6710231",
        "Equipment Description": "00",
        "Height": 806,
        "Length": 4000,
        "Load Status": "Loaded",
        "Marks": Array [
          "PNMLA02LLA",
        ],
        "Seal Numbers": Array [
          "CNAB51781",
        ],
        "Type": "40 Foot General Purpose Container, Openings at one or both ends",
        "Type Of Service": "Container Yard",
        "Width": 802,
      },
    ],
    "CountryOfOrigin": "China",
    "DestinationPort": "",
    "EquipmentDescriptionCode": "00",
    "ForeignPort": "Yantian",
    "GrossWeightKgs": 4415,
    "GrossWeightLbs": 4415,
    "HSCode": "",
    "InBondEntryType": "",
    "LoadStatus": "Loaded",
    "ManifestNumber": "000001",
    "MarksAndNumbers": Array [
      "PNMLA02LLA",
    ],
    "MasterBillOfLading": "ONEYHKGUG7782600",
    "Measurement": 28,
    "MeasurementUnit": "X",
    "NotifyParty": "",
    "NotifyPartyAddress": "",
    "NumberOfContainers": 1,
    "PlaceOfReceipt": "CN",
    "ProductDescription": "",
    "ProductKeywords": "",
    "Quantity": 1350,
    "QuantityUnit": "CTN",
    "SealNumbers": Array [
      "CNAB51781",
    ],
    "ShipmentId": "8e9a02711cb8f4f3904c08b5c13a7b81",
    "Shipper": "PRIMAX ELECTRONICS LTD",
    "ShipperAddress": "LIU WU DISTRICT, SANHENG ROAD XINCHENG DISTRICT, SHEK KIT TOWN DONGGUAN GUANGDONG CN",
    "ShipperId": "2e18a8996c0d5d0a2fe35f4db0b6c6a5",
    "TypeOfService": "",
    "VesselName": "MOL BRILLIANCE",
    "VoyageNumber": "025E",
  },
  Object {
    "ArrivalDate": 1534982400,
    "BillOfLading": "FTNVSZOAPM000555",
    "BillTypeCode": "House Bill",
    "CarrierAddress": "128 DEARBORN STREET",
    "CarrierCity": "BUFFALO",
    "CarrierCode": "FTNV",
    "CarrierName": "FEDEX TRADE NETWORKS TRANSPORT & BROKERAGE INC",
    "CarrierState": "NY",
    "CarrierZip": "14207",
    "Consignee": "APPLE COMPUTER, INC. C/O OHL",
    "ConsigneeAddress": "1710 W BASE LINE RD, SUITE 300 RIALTO CA 92376 USA RIALTO CA 92376 US",
    "ConsigneeAddressBreakdown": Object {
      "AddressNumber": "1710",
      "CountryName": "USA",
      "PlaceName": "RIALTO",
      "StateName": "CA",
      "StreetName": "BASE LINE",
      "StreetNamePostType": "RD",
      "StreetNamePreDirectional": "WEST",
      "ZipCode": "92376",
    },
    "ConsigneeCity": "RIALTO",
    "ConsigneeId": "",
    "ConsigneeState": "CA",
    "ConsigneeStreet": "BASE LINE",
    "ConsigneeStreetNumber": "1710",
    "ConsigneeZipCode": "92376",
    "ContainerHeight": 900,
    "ContainerLength": 4000,
    "ContainerNumber": "TCNU3803064",
    "ContainerType": "40 Foot General Purpose Container, Openings at one or both ends",
    "ContainerWidth": 800,
    "Containers": Array [
      Object {
        "Cargoes": Array [
          Object {
            "Description": "MOUSE AND TRACKPAD WITH LITHIUM BATTERY",
            "Keywords": Array [
              "mouse trackpad lithium battery",
            ],
            "Piece Count": 1348,
          },
        ],
        "Container Number": "TCNU3803064",
        "Equipment Description": "  ",
        "Height": 900,
        "Length": 4000,
        "Load Status": "Loaded",
        "Marks": Array [
          "PNMJ2R2LLA MLA02LLA",
        ],
        "Seal Numbers": Array [
          "YMAB425571",
        ],
        "Type": "40 Foot General Purpose Container, Openings at one or both ends",
        "Type Of Service": "House to House",
        "Width": 800,
      },
    ],
    "CountryOfOrigin": "China",
    "DestinationPort": "",
    "EquipmentDescriptionCode": "  ",
    "ForeignPort": "Yantian",
    "GrossWeightKgs": 4818,
    "GrossWeightLbs": 4818,
    "HSCode": "",
    "InBondEntryType": "",
    "LoadStatus": "Loaded",
    "ManifestNumber": "000001",
    "MarksAndNumbers": Array [
      "PNMJ2R2LLA MLA02LLA",
    ],
    "MasterBillOfLading": "YMLUW302289667",
    "Measurement": 27,
    "MeasurementUnit": "X",
    "NotifyParty": "",
    "NotifyPartyAddress": "",
    "NumberOfContainers": 1,
    "PlaceOfReceipt": "CN",
    "ProductDescription": "",
    "ProductKeywords": "",
    "Quantity": 1348,
    "QuantityUnit": "CTN",
    "SealNumbers": Array [
      "YMAB425571",
    ],
    "ShipmentId": "65584653365fcdf943a70bb211342d35",
    "Shipper": "PRIMAX ELECTRONICS LTD",
    "ShipperAddress": "LIU WU DISTRICT SHEK KIT TOWN DONGGUAN GUANGDONG CN",
    "ShipperId": "2e18a8996c0d5d0a2fe35f4db0b6c6a5",
    "TypeOfService": "",
    "VesselName": "MOL BEACON",
    "VoyageNumber": "023E",
  },
  Object {
    "ArrivalDate": 1536105600,
    "BillOfLading": "PYRDDUS186338786",
    "BillTypeCode": "House Bill",
    "CarrierAddress": "",
    "CarrierCity": "",
    "CarrierCode": "",
    "CarrierName": "",
    "CarrierState": "",
    "CarrierZip": "",
    "Consignee": "APPLE RETAIL STORE ALEDENWOOD MALL",
    "ConsigneeAddress": "3102 WEST VALLEY HWY N AUBURN WA98001 US",
    "ConsigneeAddressBreakdown": Object {
      "AddressNumber": "3102",
      "CountryName": "USA",
      "PlaceName": "AUBURN",
      "StateName": "WA",
      "StreetName": "VALLEY",
      "StreetNamePostType": "HWY",
      "StreetNamePreDirectional": "WEST",
      "ZipCode": "98001",
    },
    "ConsigneeCity": "AUBURN",
    "ConsigneeId": "",
    "ConsigneeState": "WA",
    "ConsigneeStreet": "VALLEY",
    "ConsigneeStreetNumber": "3102",
    "ConsigneeZipCode": "98001",
    "ContainerHeight": 900,
    "ContainerLength": 4000,
    "ContainerNumber": "CAIU7393410",
    "ContainerType": "40 Foot Ventilated Container, Passive vents at upper part of cargospace. Total vent cross-section area < 25cm2/m of nominal length",
    "ContainerWidth": 800,
    "Containers": Array [
      Object {
        "Cargoes": Array [
          Object {
            "Description": "NEW FORUM SEATS",
            "Keywords": Array [
              "new forum seats",
            ],
            "Piece Count": 16,
          },
        ],
        "Container Number": "CAIU7393410",
        "Equipment Description": "CN",
        "Height": 900,
        "Length": 4000,
        "Load Status": "Loaded",
        "Marks": Array [
          "AS ADDRESSED",
        ],
        "Seal Numbers": Array [
          "PR994505",
        ],
        "Type": "40 Foot Ventilated Container, Passive vents at upper part of cargospace. Total vent cross-section area < 25cm2/m of nominal length",
        "Type Of Service": "House to House",
        "Width": 800,
      },
    ],
    "CountryOfOrigin": "Germany",
    "DestinationPort": "",
    "EquipmentDescriptionCode": "CN",
    "ForeignPort": "Bremerhaven",
    "GrossWeightKgs": 3524,
    "GrossWeightLbs": 3524,
    "HSCode": "",
    "InBondEntryType": "",
    "LoadStatus": "Loaded",
    "ManifestNumber": "114384",
    "MarksAndNumbers": Array [
      "AS ADDRESSED",
    ],
    "MasterBillOfLading": "MEDUBM025921",
    "Measurement": "",
    "MeasurementUnit": "",
    "NotifyParty": "",
    "NotifyPartyAddress": "",
    "NumberOfContainers": 1,
    "PlaceOfReceipt": "AHAUS",
    "ProductDescription": "",
    "ProductKeywords": "",
    "Quantity": 16,
    "QuantityUnit": "PKG",
    "SealNumbers": Array [
      "PR994505",
    ],
    "ShipmentId": "93522f60a950fb58eea9314dec3e3366",
    "Shipper": "DULA WERKE DUSTMAN & CO KG",
    "ShipperAddress": "MAX-PLACK-STRASSE 8 VREDEN 48691 DE",
    "ShipperId": "101dbae62ecad7187e9d882ce2afba50",
    "TypeOfService": "",
    "VesselName": "ARCHIMIDIS",
    "VoyageNumber": "834W",
  },
  Object {
    "ArrivalDate": 1536105600,
    "BillOfLading": "MGNGSFO18080650",
    "BillTypeCode": "House Bill",
    "CarrierAddress": "",
    "CarrierCity": "",
    "CarrierCode": "",
    "CarrierName": "",
    "CarrierState": "",
    "CarrierZip": "",
    "Consignee": "GOLDEN BANANA, INC",
    "ConsigneeAddress": "1746 24TH AVE, SAN FRANCISCO ,CA,US A 94122 CODE: 94122 .",
    "ConsigneeAddressBreakdown": Object {
      "AddressNumber": "1746",
      "CountryName": "USA",
      "PlaceName": "SAN FRANCISCO",
      "StateName": "CA",
      "StreetName": "24TH",
      "StreetNamePostType": "AVE",
      "ZipCode": "94122",
    },
    "ConsigneeCity": "SAN FRANCISCO",
    "ConsigneeId": "",
    "ConsigneeState": "CA",
    "ConsigneeStreet": "24TH",
    "ConsigneeStreetNumber": "1746",
    "ConsigneeZipCode": "94122",
    "ContainerHeight": 907,
    "ContainerLength": 4000,
    "ContainerNumber": "MORU1135646",
    "ContainerType": "40 Foot Integral Reefer Container, Mechanically refrigerated",
    "ContainerWidth": 802,
    "Containers": Array [
      Object {
        "Cargoes": Array [
          Object {
            "Description": "LIDS HS:392350PLASTIC CUP HS:392410TEAHS:0 90230SPOON HS:392410",
            "HS Code": "HS Code 3923 5000",
            "Keywords": Array [
              "lids",
            ],
            "Piece Count": 12,
          },
        ],
        "Container Number": "MORU1135646",
        "Equipment Description": "41",
        "Height": 907,
        "Length": 4000,
        "Load Status": "Loaded",
        "Marks": Array [
          "GOLDEN BANANA, INCSAN FRANCISCO",
        ],
        "Seal Numbers": Array [
          "MOL406905N",
        ],
        "Type": "40 Foot Integral Reefer Container, Mechanically refrigerated",
        "Type Of Service": "Container Yard",
        "Width": 802,
      },
    ],
    "CountryOfOrigin": "Hong Kong",
    "DestinationPort": "",
    "EquipmentDescriptionCode": "41",
    "ForeignPort": "Hong Kong",
    "GrossWeightKgs": 138,
    "GrossWeightLbs": 138,
    "HSCode": "",
    "InBondEntryType": "",
    "LoadStatus": "Loaded",
    "ManifestNumber": "000001",
    "MarksAndNumbers": Array [
      "GOLDEN BANANA, INCSAN FRANCISCO",
    ],
    "MasterBillOfLading": "ONEYSZPU70424900",
    "Measurement": "",
    "MeasurementUnit": "",
    "NotifyParty": "GOLDEN BANANA, INC",
    "NotifyPartyAddress": "1746 24TH AVE, SAN FRANCISCO ,CA,US A 94122 CODE: 94122 .",
    "NumberOfContainers": 1,
    "PlaceOfReceipt": "HONGKONG",
    "ProductDescription": "",
    "ProductKeywords": "",
    "Quantity": 12,
    "QuantityUnit": "CTN",
    "SealNumbers": Array [
      "MOL406905N",
    ],
    "ShipmentId": "bd020edb99949ecbd3c34611b7e14931",
    "Shipper": "DONGGUAN DUOJIE PAPERAND PLASTIC CO",
    "ShipperAddress": "BAO AN WEIINDUSTRIAL ZONE, GAO BUT OWN,DONGGUAN CITY,CHINA .",
    "ShipperId": "b8ae1140785ba6c8be74d40c8aad55ca",
    "TypeOfService": "",
    "VesselName": "YM MASCULINITY",
    "VoyageNumber": "052E",
  },
  Object {
    "ArrivalDate": 1536105600,
    "BillOfLading": "ONEYSH8ELJ737951",
    "BillTypeCode": "Regular Bill",
    "CarrierAddress": "100 KING STREET WEST SUITE 5700",
    "CarrierCity": "TORONTO",
    "CarrierCode": "ONEY",
    "CarrierName": "ORATEL NETWORKS",
    "CarrierState": "ON",
    "CarrierZip": "M5X 1C7",
    "Consignee": "BANANA REPUBLIC LL",
    "ConsigneeAddress": ". SAN FRANCISCO CA 94105 US",
    "ConsigneeAddressBreakdown": Object {
      "CountryName": "USA",
      "PlaceName": "SAN FRANCISCO",
      "StateName": "CA",
      "ZipCode": "94105",
    },
    "ConsigneeCity": "SAN FRANCISCO",
    "ConsigneeId": "",
    "ConsigneeState": "CA",
    "ConsigneeStreet": "",
    "ConsigneeStreetNumber": "",
    "ConsigneeZipCode": "94105",
    "ContainerHeight": 907,
    "ContainerLength": 4500,
    "ContainerNumber": "SEGU5930225",
    "ContainerType": "45 Foot General Purpose Container, Openings at one or both ends",
    "ContainerWidth": 802,
    "Containers": Array [
      Object {
        "Cargoes": Array [
          Object {
            "Description": "77 WOOL 23 NYLON NO LINING WOMEN S WOOL KNI",
            "Keywords": Array [
              "no lining women s kni",
            ],
            "Piece Count": 7,
          },
        ],
        "Container Number": "SEGU5930225",
        "Equipment Description": "00",
        "Height": 907,
        "Length": 4500,
        "Load Status": "Loaded",
        "Marks": Array [
          "FDC 0026 3685 NORTH GAP DRIVE FRESNO, CA 9372 USA",
        ],
        "Seal Numbers": Array [
          "CNA370768",
        ],
        "Type": "45 Foot General Purpose Container, Openings at one or both ends",
        "Type Of Service": "Container Yard",
        "Width": 802,
      },
    ],
    "CountryOfOrigin": "China",
    "DestinationPort": "",
    "EquipmentDescriptionCode": "00",
    "ForeignPort": "Shanghai",
    "GrossWeightKgs": 43,
    "GrossWeightLbs": 43,
    "HSCode": "",
    "InBondEntryType": "",
    "LoadStatus": "Loaded",
    "ManifestNumber": "000001",
    "MarksAndNumbers": Array [
      "FDC 0026 3685 NORTH GAP DRIVE FRESNO, CA 9372 USA",
    ],
    "MasterBillOfLading": "",
    "Measurement": "",
    "MeasurementUnit": "CM",
    "NotifyParty": "",
    "NotifyPartyAddress": "",
    "NumberOfContainers": 1,
    "PlaceOfReceipt": "SHANGHAI, SHANGHA",
    "ProductDescription": "",
    "ProductKeywords": "",
    "Quantity": 7,
    "QuantityUnit": "CTN",
    "SealNumbers": Array [
      "CNA370768",
    ],
    "ShipmentId": "db4461d0d00c470cfd0ed29c789e1bc0",
    "Shipper": "",
    "ShipperAddress": "",
    "ShipperId": "",
    "TypeOfService": "",
    "VesselName": "YM UNICORN",
    "VoyageNumber": "031E",
  },
]
`;
